venv\Scripts\python.exe
 : Traceback (most 
recent call last):
At line:1 char:1
+ venv\Scripts\python.e
xe -X utf8 
tests\test_all.py > 
tests\test_output ...
+ ~~~~~~~~~~~~~~~~~~~~~
~~~~~~~~~~~~~~~~~~~~~~~
~~~~~~~~~~~~~~~~~~~~~~~
~~
    + CategoryInfo     
         : NotSpecifi  
  ed: (Traceback (mo   
 st recent call las    
t)::String) [], Re    
moteException
    + FullyQualifiedEr 
   rorId : NativeComm  
  andError
 
  File "Z:\prosss\f1-st
rategy-ai\tests\test_al
l.py", line 22, in 
run_test
    fn()
    ~~^^
  File "Z:\prosss\f1-st
rategy-ai\tests\test_al
l.py", line 139, in 
test_laps_remaining
    raw = 
_make_raw_df(50)
  File "Z:\prosss\f1-st
rategy-ai\tests\test_al
l.py", line 105, in 
_make_raw_df
    df = pd.DataFrame({
        "Driver":      
["HAM"] * n,
    ...<10 lines>...
        "round":       
[1] * n,
    })
  File "Z:\prosss\f1-st
rategy-ai\venv\Lib\site
-packages\pandas\core\f
rame.py", line 782, in 
__init__
    mgr = 
dict_to_mgr(data, 
index, columns, 
dtype=dtype, 
copy=copy, typ=manager)
  File "Z:\prosss\f1-st
rategy-ai\venv\Lib\site
-packages\pandas\core\i
nternals\construction.p
y", line 503, in 
dict_to_mgr
    return 
arrays_to_mgr(arrays, 
columns, index, 
dtype=dtype, typ=typ, 
consolidate=copy)
  File "Z:\prosss\f1-st
rategy-ai\venv\Lib\site
-packages\pandas\core\i
nternals\construction.p
y", line 114, in 
arrays_to_mgr
    index = 
_extract_index(arrays)
  File "Z:\prosss\f1-st
rategy-ai\venv\Lib\site
-packages\pandas\core\i
nternals\construction.p
y", line 677, in 
_extract_index
    raise 
ValueError("All arrays 
must be of the same 
length")
ValueError: All arrays 
must be of the same 
length
Z:\prosss\f1-strategy-a
i\venv\Lib\site-package
s\sklearn\utils\validat
ion.py:2691: 
UserWarning: X does 
not have valid feature 
names, but 
RandomForestClassifier 
was fitted with 
feature names
  warnings.warn(
Z:\prosss\f1-strategy-a
i\venv\Lib\site-package
s\sklearn\utils\validat
ion.py:2691: 
UserWarning: X does 
not have valid feature 
names, but 
RandomForestClassifier 
was fitted with 
feature names
  warnings.warn(

============================================================
GROUP 1: Simulator
============================================================
  [PASS]  Circuit data loaded (>=20 circuits)
  [PASS]  No-stop simulation
  [PASS]  1-stop simulation
  [PASS]  2-stop simulation
  [PASS]  compare_strategies sorted correctly
  [PASS]  Rainfall increases total race time
  [PASS]  Unknown circuit fallback works

============================================================
GROUP 2: Feature Engineering
============================================================
  [PASS]  build_features runs without error
  [PASS]  All FEATURE_COLS present after build_features
  [PASS]  TARGET_COL (is_pit_lap) present
  [PASS]  Compound encoding maps to 0-4
  [FAIL]  laps_remaining computed correctly
       All arrays must be of the same length
  [PASS]  lap_time_delta has no NaN
  [PASS]  Weather columns have no NaN

============================================================
GROUP 3: Model Training (synthetic data)
============================================================
Loading data from C:\Users\Yuv\AppData\Local\Temp\tmpftyfxrc3\combined_laps.csv ΓÇª
  Samples: 855  |  Pit laps: 30 (3.5%)

Model             Accuracy  Precision   Recall       F1
ΓöÇΓöÇΓöÇΓöÇΓöÇΓöÇΓöÇΓöÇΓöÇΓöÇΓöÇΓöÇΓöÇΓöÇΓöÇΓöÇΓöÇΓöÇΓöÇΓöÇΓöÇΓöÇΓöÇΓöÇΓöÇΓöÇΓöÇΓöÇΓöÇΓöÇΓöÇΓöÇΓöÇΓöÇΓöÇΓöÇΓöÇΓöÇΓöÇΓöÇΓöÇΓöÇΓöÇΓöÇΓöÇΓöÇΓöÇΓöÇΓöÇΓöÇΓöÇΓöÇΓöÇΓöÇΓöÇ
RandomForest         1.000      1.000    1.000    1.000
XGBoost              0.965      0.000    0.000    0.000
LightGBM             1.000      1.000    1.000    1.000
ΓöÇΓöÇΓöÇΓöÇΓöÇΓöÇΓöÇΓöÇΓöÇΓöÇΓöÇΓöÇΓöÇΓöÇΓöÇΓöÇΓöÇΓöÇΓöÇΓöÇΓöÇΓöÇΓöÇΓöÇΓöÇΓöÇΓöÇΓöÇΓöÇΓöÇΓöÇΓöÇΓöÇΓöÇΓöÇΓöÇΓöÇΓöÇΓöÇΓöÇΓöÇΓöÇΓöÇΓöÇΓöÇΓöÇΓöÇΓöÇΓöÇΓöÇΓöÇΓöÇΓöÇΓöÇΓöÇ

≡ƒÅå  Best model: RandomForest  (F1 = 1.000)

              precision    recall  f1-score   support

    Stay Out       1.00      1.00      1.00       165
     Pit Now       1.00      1.00      1.00         6

    accuracy                           1.00       171
   macro avg       1.00      1.00      1.00       171
weighted avg       1.00      1.00      1.00       171

Γ£à  Model saved ΓåÆ Z:\prosss\f1-strategy-ai\models\pit_predictor.pkl
Γ£à  Comparison table ΓåÆ Z:\prosss\f1-strategy-ai\models\model_comparison.csv

       Model saved to: Z:\prosss\f1-strategy-ai\models\pit_predictor.pkl
  [PASS]  Model trains on synthetic data & saves pit_predictor.pkl

============================================================
GROUP 4: Prediction Interface
============================================================
       Decision: STAY OUT  (confidence=88.23%)
  [PASS]  predict_pit returns valid decision + probabilities
  [PASS]  predict_pit with fresh soft tyre doesn't crash
       #1 1-stop    5,396.3s  pits@[20]
       #2 1-stop    5,397.6s  pits@[26]
       #3 2-stop    5,403.1s  pits@[16, 33]
  [PASS]  recommend_strategy returns top-3 ranked strategies

============================================================
TEST SUMMARY
============================================================
  Passed : 17/18
  Failed : 1/18

  Failed tests:
    [FAIL] laps_remaining computed correctly: All arrays must be of the same length

